   Compiling proc-macro2 v1.0.107
   Compiling unicode-ident v1.0.25
   Compiling quote v1.0.47
   Compiling libm v0.2.16
   Compiling autocfg v1.5.1
   Compiling cfg-if v1.0.5
   Compiling zerocopy v0.8.57
   Compiling libc v0.2.189
   Compiling crossbeam-utils v0.8.23
   Compiling crossbeam-epoch v0.9.21
   Compiling crossbeam-deque v0.8.8
   Compiling serde_core v1.0.229
   Compiling either v1.18.0
   Compiling rayon-core v1.13.0
   Compiling bytemuck v1.25.2
   Compiling thiserror v1.0.69
   Compiling num-traits v0.2.19
   Compiling zmij v1.0.23
   Compiling serde v1.0.229
   Compiling serde_json v1.0.151
   Compiling version_check v0.9.5
   Compiling paste v1.0.15
   Compiling clap_lex v1.1.1
   Compiling regex-syntax v0.8.11
   Compiling pulp v0.22.3
   Compiling memchr v2.8.3
   Compiling anstyle v1.0.14
   Compiling bitflags v2.13.2
   Compiling ciborium-io v0.2.2
   Compiling itoa v1.0.18
   Compiling plotters-backend v0.3.7
   Compiling raw-cpuid v11.6.0
   Compiling itertools v0.10.5
   Compiling pulp-wasm-simd-flag v0.1.1
   Compiling cast v0.3.0
   Compiling same-file v1.0.6
   Compiling reborrow v0.5.5
   Compiling smallvec v1.16.1
   Compiling once_cell v1.21.4
   Compiling num-complex v0.4.6
   Compiling getrandom v0.2.17
   Compiling rayon v1.12.0
   Compiling is-terminal v0.4.17
   Compiling clap_builder v4.6.7
   Compiling walkdir v2.5.0
   Compiling strided-traits v0.4.0 (/home/shinaoka/tensor4all/.worktrees/cpu-kernel-migration/strided-rs/strided-traits)
   Compiling oorandom v11.1.5
   Compiling anes v0.1.6
   Compiling approx v0.5.1
   Compiling plotters-svg v0.3.7
   Compiling rand_core v0.6.4
   Compiling plotters v0.3.7
   Compiling syn v2.0.119
   Compiling syn v3.0.6
   Compiling criterion-plot v0.5.0
   Compiling regex-automata v0.4.18
   Compiling serde_derive v1.0.229
   Compiling clap v4.6.7
   Compiling regex v1.13.1
   Compiling zerocopy-derive v0.8.57
   Compiling thiserror-impl v1.0.69
   Compiling tinytemplate v1.2.1
   Compiling strided-view v0.4.0 (/home/shinaoka/tensor4all/.worktrees/cpu-kernel-migration/strided-rs/strided-view)
   Compiling strided-perm v0.4.0 (/home/shinaoka/tensor4all/.worktrees/cpu-kernel-migration/strided-rs/strided-perm)
   Compiling strided-basic v0.4.0 (/home/shinaoka/tensor4all/.worktrees/cpu-kernel-migration/strided-rs/strided-basic)
   Compiling half v2.7.1
   Compiling ppv-lite86 v0.2.21
   Compiling ciborium-ll v0.2.2
   Compiling rand_chacha v0.3.1
   Compiling ciborium v0.2.2
   Compiling rand v0.8.8
   Compiling criterion v0.5.1
   Compiling rand_distr v0.4.3
    Finished `release` profile [optimized] target(s) in 27.22s
     Running tests/dense_update.rs (target/release/deps/dense_update-8d93f94fa4b2b1fc)

running 5 tests
test invalid_shapes_do_not_write ... ok
test axpby_values_and_error_preserve_destination ... ok
test embedding_all_axes_and_ranks ... ok
test triangular_matches_elementwise_reference ... ok
test bounded_and_sequential_policy_inside_pool ... ok

test result: ok. 5 passed; 0 failed; 0 ignored; 0 measured; 0 filtered out; finished in 0.02s

     Running tests/simd_mul_uninit.rs (target/release/deps/simd_mul_uninit-71ab82adc824d4f5)

running 5 tests
test float_special_values ... ok
test f64_unaligned_body_tail_and_fallback ... ok
test f32_unaligned_body_tail_and_fallback ... ok
test c64_unaligned_body_tail_and_fallback ... ok
test c32_unaligned_body_tail_and_fallback ... ok

test result: ok. 5 passed; 0 failed; 0 ignored; 0 measured; 0 filtered out; finished in 0.00s

