==1155866== Memcheck, a memory error detector
==1155866== Copyright (C) 2002-2022, and GNU GPL'd, by Julian Seward et al.
==1155866== Using Valgrind-3.22.0 and LibVEX; rerun with -h for copyright info
==1155866== Command: /tmp/dense-simd-unit --test-threads=1
==1155866== 

running 5 tests
test c32_unaligned_body_tail_and_fallback ... ok
test c64_unaligned_body_tail_and_fallback ... ok
test f32_unaligned_body_tail_and_fallback ... ok
test f64_unaligned_body_tail_and_fallback ... ok
test float_special_values ... ok

test result: ok. 5 passed; 0 failed; 0 ignored; 0 measured; 0 filtered out; finished in 0.29s

==1155866== 
==1155866== HEAP SUMMARY:
==1155866==     in use at exit: 13,168 bytes in 26 blocks
==1155866==   total heap usage: 17,873 allocs, 17,847 frees, 2,859,753 bytes allocated
==1155866== 
==1155866== For a detailed leak analysis, rerun with: --leak-check=full
==1155866== 
==1155866== For lists of detected and suppressed errors, rerun with: -s
==1155866== ERROR SUMMARY: 0 errors from 0 contexts (suppressed: 0 from 0)
